
AVRASM ver. 1.56  Z:\home\arkad\github\unibas\7.0\AssemblerApplication1\AssemblerApplication1\main.asm Thu Nov 09 09:06:21 2017


         ;
         ; AssemblerApplication1.asm
         ;
         ; Created: 11/8/2017 8:54:37 PM
         ; Author : Arkad
         ;
         
         
         ; Replace with your application code
000000 c000      rjmp main
         
         
          main:
000001 e10e          	ldi r16, 30 ;multiplicator
000002 e011      	ldi r17, 1 ; check
000003 e02a      	ldi r18, 10 ; init x and the end result comes here
000004 e050      	ldi r21, 0 ; carry
          	.DEF xinit = r18 ; x
000005 2f32      	mov r19, xinit ;copy xinit to r19
         
          L1:
000006 1710      	cp r17, r16 ; vergleiche (compare) r1 mit r2
000007 f444      	brge L2 ; springe hinaus falls r1 >= r2 (mit Vorzeichen!)
000008 2f42      		mov r20, r18
000009 0f23      		add r18, r19
00000a 9513      		inc r17
00000b 1742      		cp r20,r18
00000c f40c      		brge L3;
00000d cff8      	rjmp L1
         	
          L3:
00000e 9553      	inc r21
00000f cff6      	rjmp L1
         
         	
          L2:
         	
         
000010 cfff      rjmp L2
         
         	

Assembly complete with no errors.
